// Jest Snapshot v1, https://goo.gl/fbAQLP

exports[`render SiteTitle Snapshot SiteTitle Snapshot SiteTitle 1`] = `
<h1
  className="site-title"
>
  NetflixRoulette
</h1>
`;
